// Jest Snapshot v1, https://goo.gl/fbAQLP

exports[`DashboardRemote Renders a snapshot 1`] = `
<div
  className="Labbooks"
>
  <div />
  <div
    className="Labbooks__panel-bar"
  >
    <h6
      className="Labbooks__username"
    >
      uitest
    </h6>
    <h1>
      Projects
    </h1>
  </div>
  <div
    className="Labbooks__menu  mui-container flex-0-0-auto"
  >
    <ul
      className="Tabs"
    >
      <li
        className="Tab Tab--local"
      >
        <a
          onClick={[Function]}
        >
          Local
        </a>
      </li>
      <li
        className="Tab Tab--cloud Tab--selected"
      >
        <a
          onClick={[Function]}
        >
          Cloud
        </a>
      </li>
      <div
        className="hidden cloudLocal"
      >
        <div
          className="Tooltip__toggle cloudLocal"
          onClick={[Function]}
        >
          <div
            className="Tooltip__glow-container"
          >
            <div
              className="Tooltip__glow-ring-outer"
            >
              <div
                className="Tooltip__glow-ring-inner"
              />
            </div>
          </div>
        </div>
        <div
          className="hidden cloudLocal"
        />
        <div
          className="hidden cloudLocal"
        >
          This allows you to switch between Local and Cloud Project listings. Both Projects you have created and Projects that have been shared with you will be visible.
        </div>
      </div>
    </ul>
  </div>
  <div
    className="Labbooks__subheader grid"
  >
    <div
      className="Labbooks__search-container column-2-span-6 padding--0"
    >
      <div
        className="Input Input--clear"
      >
        <input
          className="margin--0"
          defaultValue=""
          onFocus={[Function]}
          onKeyUp={[Function]}
          placeholder="Filter Projects by name or description"
          type="text"
        />
      </div>
    </div>
    <div
      className="DashboardDropdown column-4-span-3 padding--0"
    >
      <div>
        Filter by:
      </div>
      <div
        className="Dropdown__filter-selector Dropdown Dropdown--collapsed"
        onClick={[Function]}
      >
        All
      </div>
      <ul
        className="Dropdown__menu box-shadow hidden"
      >
        <li
          className="DashboardDropdown__list-item"
          onClick={[Function]}
        >
          All
           ✓ 
        </li>
        <li
          className="DashboardDropdown__list-item"
          onClick={[Function]}
        >
          My
           Project
          
        </li>
        <li
          className="DashboardDropdown__list-item"
          onClick={[Function]}
        >
          Shared with me
          
        </li>
      </ul>
    </div>
    <div
      className="DashboardDropdown column-4-span-3 padding--0"
    >
      <div>
        Sort by:
      </div>
      <div
        className="Dropdown__sort-selector Dropdown Dropdown--collapsed"
        onClick={[Function]}
      >
        Modified Date (Newest)
      </div>
      <ul
        className="Dropdown__menu box-shadow hidden"
      >
        <li
          className="DashboardDropdown__list-item"
          onClick={[Function]}
        >
          Modified Date (Newest)
           ✓ 
        </li>
        <li
          className="DashboardDropdown__list-item"
          onClick={[Function]}
        >
          Modified Date (Oldest)
          
        </li>
        <li
          className="DashboardDropdown__list-item"
          onClick={[Function]}
        >
          Creation Date (Newest)
          
        </li>
        <li
          className="DashboardDropdown__list-item"
          onClick={[Function]}
        >
          Creation Date (Oldest)
          
        </li>
        <li
          className="DashboardDropdown__list-item"
          onClick={[Function]}
        >
          A-Z
          
        </li>
        <li
          className="DashboardDropdown__list-item"
          onClick={[Function]}
        >
          Z-A
          
        </li>
      </ul>
    </div>
  </div>
  <div
    className="Labbooks__listing"
  >
    <div
      className="grid"
    >
      <div
        className="Card Card--225 column-4-span-3 flex flex--column justify--space-between"
      >
        <div
          className="RemoteLabbooks__row RemoteLabbooks__row--icon"
        >
          <button
            className="Button__icon Button__icon--cloud Tooltip-data"
            data-tooltip="This Project has already been imported"
            disabled={true}
            type="button"
          >
            Imported
          </button>
          <button
            className="Button__icon Button__icon--delete"
            data-tooltip=""
            disabled={false}
            onClick={[Function]}
            type="button"
          >
            Delete
          </button>
        </div>
        <div
          className="RemoteLabbooks__row RemoteLabbooks__row--text"
        >
          <div
            className="RemoteLabbooks__row RemoteLabbooks__row--title"
          >
            <h5
              className="RemoteLabbooks__panel-title"
            >
              <span>
                <span
                  className=""
                >
                  ui-test-remote
                </span>
              </span>
            </h5>
          </div>
          <p
            className="RemoteLabbooks__paragraph RemoteLabbooks__paragraph--owner"
          >
            uitest
          </p>
          <p
            className="RemoteLabbooks__paragraph RemoteLabbooks__paragraph--owner"
          >
            Created on Fri Jan 18 2019
          </p>
          <p
            className="RemoteLabbooks__paragraph RemoteLabbooks__paragraph--owner"
          >
            Modified Fri Jan 18 2019
          </p>
          <p
            className="RemoteLabbooks__paragraph RemoteLabbooks__paragraph--description"
          >
            <span>
              <span
                className=""
              >
                No Description
              </span>
            </span>
          </p>
        </div>
        <div
          className="Tooltip-Listing RemoteLabbooks__private Tooltip-data Tooltip-data--small"
          data-tooltip="private"
        />
      </div>
      <div
        className="CardLoader--hidden"
      >
        <div />
      </div>
      <div
        className="CardLoader--hidden"
      >
        <div />
      </div>
      <div
        className="CardLoader--hidden"
      >
        <div />
      </div>
      <div
        className="CardLoader--hidden"
      >
        <div />
      </div>
      <div
        className="CardLoader--hidden"
      >
        <div />
      </div>
    </div>
  </div>
</div>
`;
