// Jest Snapshot v1, https://goo.gl/fbAQLP

exports[`DashboardLocal Renders a snapshot 1`] = `
<div
  className="Labbooks"
>
  <div />
  <div
    className="Labbooks__panel-bar"
  >
    <h6
      className="Labbooks__username"
    >
      uitest
    </h6>
    <h1>
      Projects
    </h1>
  </div>
  <div
    className="Labbooks__menu  mui-container flex-0-0-auto"
  >
    <ul
      className="Tabs"
    >
      <li
        className="Tab Tab--local Tab--selected"
      >
        <a
          onClick={[Function]}
        >
          Local
        </a>
      </li>
      <li
        className="Tab Tab--cloud"
      >
        <a
          onClick={[Function]}
        >
          Cloud
        </a>
      </li>
      <div
        className="hidden cloudLocal"
      >
        <div
          className="Tooltip__toggle cloudLocal"
          onClick={[Function]}
        >
          <div
            className="Tooltip__glow-container"
          >
            <div
              className="Tooltip__glow-ring-outer"
            >
              <div
                className="Tooltip__glow-ring-inner"
              />
            </div>
          </div>
        </div>
        <div
          className="hidden cloudLocal"
        />
        <div
          className="hidden cloudLocal"
        >
          This allows you to switch between Local and Cloud Project listings. Both Projects you have created and Projects that have been shared with you will be visible.
        </div>
      </div>
    </ul>
  </div>
  <div
    className="Labbooks__subheader grid"
  >
    <div
      className="Labbooks__search-container column-2-span-6 padding--0"
    >
      <div
        className="Input Input--clear"
      >
        <input
          className="margin--0"
          defaultValue=""
          onFocus={[Function]}
          onKeyUp={[Function]}
          placeholder="Filter Projects by name or description"
          type="text"
        />
      </div>
    </div>
    <div
      className="DashboardDropdown column-4-span-3 padding--0"
    >
      <div>
        Filter by:
      </div>
      <div
        className="Dropdown__filter-selector Dropdown Dropdown--collapsed"
        onClick={[Function]}
      >
        All
      </div>
      <ul
        className="Dropdown__menu box-shadow hidden"
      >
        <li
          className="DashboardDropdown__list-item"
          onClick={[Function]}
        >
          All
           ✓ 
        </li>
        <li
          className="DashboardDropdown__list-item"
          onClick={[Function]}
        >
          My
           Project
          
        </li>
        <li
          className="DashboardDropdown__list-item"
          onClick={[Function]}
        >
          Shared with me
          
        </li>
      </ul>
    </div>
    <div
      className="DashboardDropdown column-4-span-3 padding--0"
    >
      <div>
        Sort by:
      </div>
      <div
        className="Dropdown__sort-selector Dropdown Dropdown--collapsed"
        onClick={[Function]}
      >
        Modified Date (Newest)
      </div>
      <ul
        className="Dropdown__menu box-shadow hidden"
      >
        <li
          className="DashboardDropdown__list-item"
          onClick={[Function]}
        >
          Modified Date (Newest)
           ✓ 
        </li>
        <li
          className="DashboardDropdown__list-item"
          onClick={[Function]}
        >
          Modified Date (Oldest)
          
        </li>
        <li
          className="DashboardDropdown__list-item"
          onClick={[Function]}
        >
          Creation Date (Newest)
          
        </li>
        <li
          className="DashboardDropdown__list-item"
          onClick={[Function]}
        >
          Creation Date (Oldest)
          
        </li>
        <li
          className="DashboardDropdown__list-item"
          onClick={[Function]}
        >
          A-Z
          
        </li>
        <li
          className="DashboardDropdown__list-item"
          onClick={[Function]}
        >
          Z-A
          
        </li>
      </ul>
    </div>
  </div>
  <div
    className="Labbooks__listing"
  >
    <div
      className="grid"
    >
      <div
        className="ImportModule Card Card--line-50 Card--text-center Card--add Card--import column-4-span-3"
      >
        <div
          className="Import__main"
        />
        <div
          className="Import__header"
        >
          <div
            className="Import__icon Import__icon--labbook"
          >
            <div
              className="Import__add-icon"
            />
          </div>
          <div
            className="Import__title"
          >
            <h2
              className="Import__h2 Import__h2--azure"
            >
              Add Project
            </h2>
          </div>
        </div>
        <button
          className="btn--import"
          onClick={[Function]}
          type="button"
        >
          Create New
        </button>
        <button
          className="btn--import"
          onClick={[Function]}
          type="button"
        >
          Import Existing
        </button>
        <div
          className="hidden createLabbook"
        >
          <div
            className="Tooltip__toggle createLabbook"
            onClick={[Function]}
          >
            <div
              className="Tooltip__glow-container"
            >
              <div
                className="Tooltip__glow-ring-outer"
              >
                <div
                  className="Tooltip__glow-ring-inner"
                />
              </div>
            </div>
          </div>
          <div
            className="hidden createLabbook"
          />
          <div
            className="hidden createLabbook"
          >
            Clicking on the 'Create New' button will open the new Project window, letting you name and select a Base for the new Project.
          </div>
        </div>
        <div
          className="hidden"
        />
      </div>
      <a
        className="Card Card--300 Card--text column-4-span-3 flex flex--column justify--space-between"
        href="/projects/uitest/ui-test-remote"
        onClick={[Function]}
      >
        <div
          className="LocalLabbooks__row--icons"
        >
          <div
            className="LocalLabbooks__containerStatus"
          >
            <div
              className="ContainerStatus__container-state ContainerStatus__containerStatus--state loading box-shadow"
              data-tooltip="Rebuild Required, container will attempt to rebuild before starting."
              onClick={[Function]}
              onMouseOut={[Function]}
              onMouseOver={[Function]}
            >
              <div
                className="ContainerStatus__text"
              >
                
              </div>
              <div
                className="ContainerStatus__toggle"
              >
                <div
                  className="ContainerStatus__toggle-btn"
                />
              </div>
            </div>
          </div>
        </div>
        <div
          className="LocalLabbooks__row--text"
        >
          <div>
            <h5
              className="LocalLabbooks__panel-title"
              onClick={[Function]}
            >
              <span>
                <span
                  className=""
                >
                  ui-test-remote
                </span>
              </span>
            </h5>
          </div>
          <p
            className="LocalLabbooks__paragraph LocalLabbooks__paragraph--owner "
          >
            uitest
          </p>
          <p
            className="LocalLabbooks__paragraph LocalLabbooks__paragraph--owner"
          >
            Created on Fri Jan 18 2019
          </p>
          <p
            className="LocalLabbooks__paragraph LocalLabbooks__paragraph--owner"
          >
            Modified Fri Jan 18 2019
          </p>
          <p
            className="LocalLabbooks__paragraph LocalLabbooks__paragraph--description"
          >
            <span>
               No description provided
            </span>
          </p>
        </div>
        <div
          className="Tooltip-Listing LocalLabbookPanel__loading Tooltip-data Tooltip-data--small"
          data-tooltip="loading"
        />
      </a>
      <a
        className="Card Card--300 Card--text column-4-span-3 flex flex--column justify--space-between"
        href="/projects/uitest/ui-test-project"
        onClick={[Function]}
      >
        <div
          className="LocalLabbooks__row--icons"
        >
          <div
            className="LocalLabbooks__containerStatus"
          >
            <div
              className="ContainerStatus__container-state ContainerStatus__containerStatus--state loading box-shadow"
              data-tooltip="Rebuild Required, container will attempt to rebuild before starting."
              onClick={[Function]}
              onMouseOut={[Function]}
              onMouseOver={[Function]}
            >
              <div
                className="ContainerStatus__text"
              >
                
              </div>
              <div
                className="ContainerStatus__toggle"
              >
                <div
                  className="ContainerStatus__toggle-btn"
                />
              </div>
            </div>
          </div>
        </div>
        <div
          className="LocalLabbooks__row--text"
        >
          <div>
            <h5
              className="LocalLabbooks__panel-title"
              onClick={[Function]}
            >
              <span>
                <span
                  className=""
                >
                  ui-test-project
                </span>
              </span>
            </h5>
          </div>
          <p
            className="LocalLabbooks__paragraph LocalLabbooks__paragraph--owner "
          >
            uitest
          </p>
          <p
            className="LocalLabbooks__paragraph LocalLabbooks__paragraph--owner"
          >
            Created on Fri Jan 18 2019
          </p>
          <p
            className="LocalLabbooks__paragraph LocalLabbooks__paragraph--owner"
          >
            Modified Fri Jan 18 2019
          </p>
          <p
            className="LocalLabbooks__paragraph LocalLabbooks__paragraph--description"
          >
            <span>
              <span
                className=""
              >
                This is a ui test project

              </span>
            </span>
          </p>
        </div>
        <div
          className="Tooltip-Listing LocalLabbookPanel__loading Tooltip-data Tooltip-data--small"
          data-tooltip="loading"
        />
      </a>
      <a
        className="Card Card--300 Card--text column-4-span-3 flex flex--column justify--space-between"
        href="/projects/uitest/test-tt"
        onClick={[Function]}
      >
        <div
          className="LocalLabbooks__row--icons"
        >
          <div
            className="LocalLabbooks__containerStatus"
          >
            <div
              className="ContainerStatus__container-state ContainerStatus__containerStatus--state loading box-shadow"
              data-tooltip="Rebuild Required, container will attempt to rebuild before starting."
              onClick={[Function]}
              onMouseOut={[Function]}
              onMouseOver={[Function]}
            >
              <div
                className="ContainerStatus__text"
              >
                
              </div>
              <div
                className="ContainerStatus__toggle"
              >
                <div
                  className="ContainerStatus__toggle-btn"
                />
              </div>
            </div>
          </div>
        </div>
        <div
          className="LocalLabbooks__row--text"
        >
          <div>
            <h5
              className="LocalLabbooks__panel-title"
              onClick={[Function]}
            >
              <span>
                <span
                  className=""
                >
                  test-tt
                </span>
              </span>
            </h5>
          </div>
          <p
            className="LocalLabbooks__paragraph LocalLabbooks__paragraph--owner "
          >
            uitest
          </p>
          <p
            className="LocalLabbooks__paragraph LocalLabbooks__paragraph--owner"
          >
            Created on Fri Jan 11 2019
          </p>
          <p
            className="LocalLabbooks__paragraph LocalLabbooks__paragraph--owner"
          >
            Modified Fri Jan 11 2019
          </p>
          <p
            className="LocalLabbooks__paragraph LocalLabbooks__paragraph--description"
          >
            <span>
               No description provided
            </span>
          </p>
        </div>
        <div
          className="Tooltip-Listing LocalLabbookPanel__loading Tooltip-data Tooltip-data--small"
          data-tooltip="loading"
        />
      </a>
      <a
        className="Card Card--300 Card--text column-4-span-3 flex flex--column justify--space-between"
        href="/projects/uitest/new-project"
        onClick={[Function]}
      >
        <div
          className="LocalLabbooks__row--icons"
        >
          <div
            className="LocalLabbooks__containerStatus"
          >
            <div
              className="ContainerStatus__container-state ContainerStatus__containerStatus--state loading box-shadow"
              data-tooltip="Rebuild Required, container will attempt to rebuild before starting."
              onClick={[Function]}
              onMouseOut={[Function]}
              onMouseOver={[Function]}
            >
              <div
                className="ContainerStatus__text"
              >
                
              </div>
              <div
                className="ContainerStatus__toggle"
              >
                <div
                  className="ContainerStatus__toggle-btn"
                />
              </div>
            </div>
          </div>
        </div>
        <div
          className="LocalLabbooks__row--text"
        >
          <div>
            <h5
              className="LocalLabbooks__panel-title"
              onClick={[Function]}
            >
              <span>
                <span
                  className=""
                >
                  new-project
                </span>
              </span>
            </h5>
          </div>
          <p
            className="LocalLabbooks__paragraph LocalLabbooks__paragraph--owner "
          >
            uitest
          </p>
          <p
            className="LocalLabbooks__paragraph LocalLabbooks__paragraph--owner"
          >
            Created on Wed Jan 16 2019
          </p>
          <p
            className="LocalLabbooks__paragraph LocalLabbooks__paragraph--owner"
          >
            Modified Thu Jan 24 2019
          </p>
          <p
            className="LocalLabbooks__paragraph LocalLabbooks__paragraph--description"
          >
            <span>
               No description provided
            </span>
          </p>
        </div>
        <div
          className="Tooltip-Listing LocalLabbookPanel__loading Tooltip-data Tooltip-data--small"
          data-tooltip="loading"
        />
      </a>
      <a
        className="Card Card--300 Card--text column-4-span-3 flex flex--column justify--space-between"
        href="/projects/uitest/awful-intersections-demo"
        onClick={[Function]}
      >
        <div
          className="LocalLabbooks__row--icons"
        >
          <div
            className="LocalLabbooks__containerStatus"
          >
            <div
              className="ContainerStatus__container-state ContainerStatus__containerStatus--state loading box-shadow"
              data-tooltip="Rebuild Required, container will attempt to rebuild before starting."
              onClick={[Function]}
              onMouseOut={[Function]}
              onMouseOver={[Function]}
            >
              <div
                className="ContainerStatus__text"
              >
                
              </div>
              <div
                className="ContainerStatus__toggle"
              >
                <div
                  className="ContainerStatus__toggle-btn"
                />
              </div>
            </div>
          </div>
        </div>
        <div
          className="LocalLabbooks__row--text"
        >
          <div>
            <h5
              className="LocalLabbooks__panel-title"
              onClick={[Function]}
            >
              <span>
                <span
                  className=""
                >
                  awful-intersections-demo
                </span>
              </span>
            </h5>
          </div>
          <p
            className="LocalLabbooks__paragraph LocalLabbooks__paragraph--owner "
          >
            uitest
          </p>
          <p
            className="LocalLabbooks__paragraph LocalLabbooks__paragraph--owner"
          >
            Created on Thu May 24 2018
          </p>
          <p
            className="LocalLabbooks__paragraph LocalLabbooks__paragraph--owner"
          >
            Modified Fri Jan 11 2019
          </p>
          <p
            className="LocalLabbooks__paragraph LocalLabbooks__paragraph--description"
          >
            <span>
              <span
                className=""
              >
                A fun demo LabBook to automatically find and generate cringe-worthy maps of horrible intersections
              </span>
            </span>
          </p>
        </div>
        <div
          className="Tooltip-Listing LocalLabbookPanel__loading Tooltip-data Tooltip-data--small"
          data-tooltip="loading"
        />
      </a>
      <div
        className="CardLoader--hidden"
      >
        <div />
      </div>
      <div
        className="CardLoader--hidden"
      >
        <div />
      </div>
      <div
        className="CardLoader--hidden"
      >
        <div />
      </div>
      <div
        className="CardLoader--hidden"
      >
        <div />
      </div>
      <div
        className="CardLoader--hidden"
      >
        <div />
      </div>
    </div>
  </div>
</div>
`;
