// Jest Snapshot v1, https://goo.gl/fbAQLP

exports[`DashbboardDatasetsLocal Renders a snapshot 1`] = `
<div
  className="Datasets__listing"
>
  <div
    className="grid"
  >
    <div
      className="ImportModule Card Card--line-50 Card--text-center Card--add Card--import column-4-span-3"
    >
      <div
        className="Import__main"
      />
      <div
        className="Import__header"
      >
        <div
          className="Import__icon Import__icon--dataset"
        >
          <div
            className="Import__add-icon"
          />
        </div>
        <div
          className="Import__title"
        >
          <h2
            className="Import__h2 Import__h2--azure"
          >
            Add Dataset
          </h2>
        </div>
      </div>
      <button
        className="btn--import"
        onClick={[Function]}
        type="button"
      >
        Create New
      </button>
      <button
        className="btn--import"
        onClick={[Function]}
        type="button"
      >
        Import Existing
      </button>
      <div
        className="hidden createLabbook"
      >
        <div
          className="Tooltip__toggle createLabbook"
          onClick={[Function]}
        >
          <div
            className="Tooltip__glow-container"
          >
            <div
              className="Tooltip__glow-ring-outer"
            >
              <div
                className="Tooltip__glow-ring-inner"
              />
            </div>
          </div>
        </div>
        <div
          className="hidden createLabbook"
        />
        <div
          className="hidden createLabbook"
        >
          Clicking on the 'Create New' button will open the new Project window, letting you name and select a Base for the new Project.
        </div>
      </div>
      <div
        className="hidden"
      />
    </div>
    <div
      className="CardLoader--hidden"
    >
      <div />
    </div>
    <div
      className="CardLoader--hidden"
    >
      <div />
    </div>
    <div
      className="CardLoader--hidden"
    >
      <div />
    </div>
    <div
      className="CardLoader--hidden"
    >
      <div />
    </div>
    <div
      className="CardLoader--hidden"
    >
      <div />
    </div>
  </div>
</div>
`;
