// Jest Snapshot v1, https://goo.gl/fbAQLP

exports[`Activity renders a snapshot 1`] = `
<div
  className="ActivityCard ActivityCard__loader-hidden column-1-span-9"
/>
`;
