// Jest Snapshot v1, https://goo.gl/fbAQLP

exports[`Project File component File Snapshot 1`] = `
<div
  className="File"
  onMouseEnter={[Function]}
  onMouseLeave={[Function]}
  onMouseOut={[Function]}
  onMouseOver={[Function]}
>
  <div
    className="File__row"
    style={
      Object {
        "paddingLeft": "NaNpx",
      }
    }
  >
    <button
      className="CheckboxMultiselect CheckboxMultiselect__check"
      onClick={[Function]}
      type="button"
    />
    <div
      className="File__cell File__cell--name"
    >
      <div
        className="File__icon book-icon"
      />
      <div
        className="File__text"
      />
    </div>
    <div
      className="File__cell File__cell--edit hidden"
    >
      <div
        className="File__container"
      >
        <input
          className="File__input"
          draggable={true}
          onChange={[Function]}
          onClick={[Function]}
          onDragStart={[Function]}
          onKeyDown={[Function]}
          type="text"
          value="README.md"
        />
      </div>
      <div
        className="flex justify-space-around"
      >
        <button
          className="File__btn--round File__btn--cancel File__btn--rename-cancel"
          onClick={[Function]}
          type="button"
        />
        <button
          className="File__btn--round File__btn--add File__btn--rename-add"
          onClick={[Function]}
          type="button"
        />
      </div>
    </div>
    <div
      className="File__cell File__cell--size"
    >
      3.3 kB
    </div>
    <div
      className="File__cell File__cell--date"
    >
      Fri Jan 18 2019
    </div>
    <div
      className="File__cell File__cell--menu"
    >
      <div
        className="ActionsMenu"
      >
        <button
          className="ActionsMenu__item Btn Btn--fileBrowser Tooltip-data Tooltip-data--small Btn--round Btn--bordered Btn__addFolder visibility-hidden"
          data-click-id="addFolder"
          data-tooltip="Add Subfolder"
          onClick={[Function]}
          type="button"
        />
        <div
          className="relative"
        >
          <button
            className="ActionsMenu__item Btn Btn--fileBrowser Btn__delete Btn--round Btn--bordered Tooltip-data Tooltip-data--small"
            data-tooltip="Delete"
            disabled={false}
            onClick={[Function]}
            type="button"
          />
          <div
            className="ActionsMenu__popup hidden Tooltip__message"
          >
            <div
              className="Tooltip__pointer"
            />
            <p>
              Are you sure?
            </p>
            <div
              className="flex justify--space-around"
            >
              <button
                className="File__btn--round File__btn--cancel"
                onClick={[Function]}
                type="button"
              />
              <button
                className="File__btn--round File__btn--add"
                onClick={[Function]}
                type="button"
              />
            </div>
          </div>
        </div>
        <button
          className="ActionsMenu__item Btn Btn--fileBrowser Btn__rename Tooltip-data Tooltip-data--small Btn--bordered Btn--round"
          data-tooltip="Rename"
          disabled={false}
          onClick={[Function]}
          type="button"
        />
      </div>
    </div>
  </div>
</div>
`;
