// Jest Snapshot v1, https://goo.gl/fbAQLP

exports[`FileBrowser component Test FileBrowser Rendering 1`] = `
<div
  className="FileBrowser FileBrowser--dropzone"
  style={
    Object {
      "zIndex": 0,
    }
  }
>
  <div
    className="FileBrowser__menu"
  >
    <h5>
      Files
    </h5>
    <div
      className="FileBrowser__menu-buttons"
    >
      <div>
        <label
          className="FileBrowser__upload-label"
          htmlFor="browser_upload"
        >
          <div
            className="Btn--fileBrowser Btn--round Btn--bordered Btn__upArrow inline-block Btn"
          />
          <span>
            Upload Files
          </span>
          <input
            className="hidden"
            id="browser_upload"
            multiple={true}
            onChange={[Function]}
            type="file"
          />
        </label>
        <button
          className="Btn Btn__menuButton Btn--noShadow FileBrowser__newFolder"
          data-click-id="addFolder"
          onClick={[Function]}
          type="button"
        >
          <div
            className="Btn--fileBrowser Btn--round Btn--bordered Btn__addFolder Btn"
            data-click-id="addFolder"
          />
          New Folder
        </button>
      </div>
    </div>
  </div>
  <div
    className="FileBrowser__tools flex justify--space-between"
  >
    <div
      className="FileBrowser__search flex-1"
    >
      <input
        className="FileBrowser__input search"
        onChange={[Function]}
        onKeyUp={[Function]}
        placeholder="Search Files Here"
        type="text"
      />
    </div>
  </div>
  <div
    className="FileBrowser__header"
  >
    <div
      className="FileBrowser__multiselect flex justify--start"
    >
      <button
        className="CheckboxMultiselect CheckboxMultiselect__uncheck"
        onClick={[Function]}
        type="button"
      />
      <button
        className="Btn Btn--fileBrowser Btn--round Btn__delete Btn--action hidden"
        onClick={[Function]}
        type="button"
      />
      <div
        className="FileBrowser__popup hidden Tooltip__message"
      >
        <div
          className="Tooltip__pointer"
        />
        <p>
          Are you sure?
        </p>
        <div
          className="flex justify--space-around"
        >
          <button
            className="File__btn--round File__btn--cancel File__btn--delete"
            onClick={[Function]}
            type="button"
          />
          <button
            className="File__btn--round File__btn--add File__btn--delete-files"
            onClick={[Function]}
            type="button"
          />
        </div>
      </div>
    </div>
    <button
      className="FileBrowser__name-text FileBrowser__header--name flex justify--start Btn--noStyle FileBroser__sort--asc"
      onClick={[Function]}
      type="button"
    >
      File
    </button>
    <button
      className="FileBrowser__header--size Btn--noStyle"
      onClick={[Function]}
      type="button"
    >
      Size
    </button>
    <button
      className="FileBrowser__header--date Btn--noStyle"
      onClick={[Function]}
      type="button"
    >
      Modified
    </button>
    <div
      className="FileBrowser__header--menu flex flex--row justify--right"
    />
  </div>
  <div
    className="FileBrowser__body"
  >
    <div
      className="AddSubfolder hidden"
      onClick={[Function]}
    >
      <div
        className="AddSubfolder__text"
      >
        Add Folder
      </div>
      <div
        className="AddSubfolder__edit Input--clear hidden"
      >
        <div
          className="AddSubfolder__container"
        >
          <input
            className="AddSubfolder__input"
            onKeyUp={[Function]}
            placeholder="Enter Folder Name"
            type="text"
          />
        </div>
        <div
          className="flex justify--space-around"
        >
          <button
            className="File__btn--round File__btn--cancel"
            onClick={[Function]}
          />
          <button
            className="File__btn--round File__btn--add"
            onClick={[Function]}
          />
        </div>
      </div>
    </div>
    <div
      className="FileBrowser__empty"
    >
      <h5>
        Upload Files by Dragging & Dropping Here
      </h5>
    </div>
  </div>
</div>
`;
