// Jest Snapshot v1, https://goo.gl/fbAQLP

exports[`DatasetActivityContainer Renders a snapshot 1`] = `
<div
  className="Activity"
>
  <div
    className="Activity__inner-container flex flex--row flex--wrap justify--flex-start"
  >
    <div
      className="Activity__sizer flex-1-0-auto"
    >
      <div
        className="hidden userNote"
      >
        <div
          className="Tooltip__toggle userNote"
          onClick={[Function]}
        >
          <div
            className="Tooltip__glow-container"
          >
            <div
              className="Tooltip__glow-ring-outer"
            >
              <div
                className="Tooltip__glow-ring-inner"
              />
            </div>
          </div>
        </div>
        <div
          className="hidden userNote"
        />
        <div
          className="hidden userNote"
        >
          This menu can be used to create a note. A note is added to the current point in the Activity Feed and can be viewed by collaborators when synced. 
 The note editor supports markdown.
        </div>
      </div>
      <div />
      <div
        className="Activity__date-section Activity__date-section--0"
      >
        <div
          className="Activity__date-tab note"
        >
          <div
            className="Activity__date-day"
          >
            11
          </div>
          <div
            className="Activity__date-sub"
          >
            <div
              className="Activity__date-month"
            >
              Jan
            </div>
            <div
              className="Activity__date-year"
            >
              2019
            </div>
          </div>
        </div>
        <div
          className="UserNote__container"
        >
          <button
            className="Btn Btn--feature Btn--feature--expanded--paddingLeft relative UserNote__button"
            onClick={[Function]}
            type="submit"
          >
            Add Note
          </button>
          <div
            className="UserNote__add UserNote__card column-1-span-10 hidden"
          />
        </div>
        <div
          className="Activity__card-container Activity__card-container--last"
        >
          <div
            className="CardWrapper"
          >
            <div
              className="ActivityCard__container column-1-span-9"
            >
              <div
                className="ActivityCard ActivityCard--collapsed card"
                style={Object {}}
              >
                <div
                  className="ActivityCard__badge ActivityCard__badge--dataset"
                  title="dataset"
                />
                <div
                  className="ActivityCard__content"
                >
                  <div
                    className="ActivityCard__title flex flex--row justify--space-between closed"
                    onClick={[Function]}
                  >
                    <div
                      className="ActivityCard__stack"
                    >
                      <p
                        className="ActivityCard__time"
                      >
                        5:15pm
                      </p>
                      <div
                        className="ActivityCard__user"
                      />
                    </div>
                    <h6
                      className="ActivityCard__commit-message"
                    >
                      <b>
                        uitest - 
                      </b>
                      Uploaded 1 new file(s). 
                    </h6>
                  </div>
                </div>
              </div>
            </div>
          </div>
          <div
            className="CardWrapper"
          >
            <div
              className="ActivityCard__container column-1-span-9"
            >
              <div
                className="ActivityCard ActivityCard--collapsed card"
                style={Object {}}
              >
                <div
                  className="ActivityCard__badge ActivityCard__badge--dataset"
                  title="dataset"
                />
                <div
                  className="ActivityCard__content"
                >
                  <div
                    className="ActivityCard__title flex flex--row justify--space-between closed"
                    onClick={[Function]}
                  >
                    <div
                      className="ActivityCard__stack"
                    >
                      <p
                        className="ActivityCard__time"
                      >
                        5:14pm
                      </p>
                      <div
                        className="ActivityCard__user"
                      />
                    </div>
                    <h6
                      className="ActivityCard__commit-message"
                    >
                      <b>
                        uitest - 
                      </b>
                      Uploaded 1 new file(s). 
                    </h6>
                  </div>
                </div>
              </div>
            </div>
          </div>
          <div
            className="CardWrapper"
          >
            <div
              className="ActivityCard__container column-1-span-9"
            >
              <div
                className="ActivityCard ActivityCard--collapsed card"
                style={Object {}}
              >
                <div
                  className="ActivityCard__badge ActivityCard__badge--dataset"
                  title="dataset"
                />
                <div
                  className="ActivityCard__content"
                >
                  <div
                    className="ActivityCard__title flex flex--row justify--space-between closed"
                    onClick={[Function]}
                  >
                    <div
                      className="ActivityCard__stack"
                    >
                      <p
                        className="ActivityCard__time"
                      >
                        5:12pm
                      </p>
                      <div
                        className="ActivityCard__user"
                      />
                    </div>
                    <h6
                      className="ActivityCard__commit-message"
                    >
                      <b>
                        uitest - 
                      </b>
                      Uploaded 1 new file(s). 
                    </h6>
                  </div>
                </div>
              </div>
            </div>
          </div>
          <div
            className="CardWrapper"
          >
            <div
              className="ActivityCard__container column-1-span-9"
            >
              <div
                className="ActivityCard ActivityCard--collapsed card"
                style={Object {}}
              >
                <div
                  className="ActivityCard__badge ActivityCard__badge--dataset"
                  title="dataset"
                />
                <div
                  className="ActivityCard__content"
                >
                  <div
                    className="ActivityCard__title flex flex--row justify--space-between closed"
                    onClick={[Function]}
                  >
                    <div
                      className="ActivityCard__stack"
                    >
                      <p
                        className="ActivityCard__time"
                      >
                        5:10pm
                      </p>
                      <div
                        className="ActivityCard__user"
                      />
                    </div>
                    <h6
                      className="ActivityCard__commit-message"
                    >
                      <b>
                        uitest - 
                      </b>
                      Created new Dataset: uitest/ui-test-dataset
                    </h6>
                  </div>
                </div>
              </div>
            </div>
          </div>
          <div
            className="CardWrapper"
          >
            <div
              className="ActivityCard__container column-1-span-9"
            >
              <div
                className="ActivityCard ActivityCard--collapsed card"
                style={Object {}}
              >
                <div
                  className="ActivityCard__badge ActivityCard__badge--dataset"
                  title="dataset"
                />
                <div
                  className="ActivityCard__content"
                >
                  <div
                    className="ActivityCard__title flex flex--row justify--space-between closed"
                    onClick={[Function]}
                  >
                    <div
                      className="ActivityCard__stack"
                    >
                      <p
                        className="ActivityCard__time"
                      >
                        5:10pm
                      </p>
                      <div
                        className="ActivityCard__user"
                      />
                    </div>
                    <h6
                      className="ActivityCard__commit-message"
                    >
                      <b>
                        uitest - 
                      </b>
                      Updated Dataset storage backend configuration
                    </h6>
                  </div>
                </div>
              </div>
            </div>
          </div>
        </div>
      </div>
      <div
        className="ActivityCard ActivityCard__loader ActivityCard__loader--0 card column-1-span-9"
      />
      <div
        className="ActivityCard ActivityCard__loader ActivityCard__loader--1 card column-1-span-9"
      />
      <div
        className="ActivityCard ActivityCard__loader ActivityCard__loader--2 card column-1-span-9"
      />
      <div
        className="ActivityCard ActivityCard__loader ActivityCard__loader--3 card column-1-span-9"
      />
      <div
        className="ActivityCard ActivityCard__loader ActivityCard__loader--4 card column-1-span-9"
      />
    </div>
  </div>
</div>
`;
